// Jest Snapshot v1, https://goo.gl/fbAQLP

exports[`Footer Component snapshot test 1`] = `
<footer>
  All right reserved.
</footer>
`;
